Gradient,False,34361.519375274227391684684979,1108
Linear Regression,False,38995.876473008297573976840501,4
Holiday Effect,False,34489.380302989160517749758301,116
Volume,True,34304.766899772875075448604274,2726
Moving Average,False,27320.000000,0
Delta,False,34288.397257082018559138783830,1426
Relative Strength,False,27320.000000,0
Optimal Stopping,True,34305.225685480724872883153088,2729