<table style="height: 300px; width: 800px; margin-left: auto; margin-right: auto;">
    <tbody>
        <tr>
            <td><img style="float: left;" src="cid:logo" alt="CBC Market Analysis" width="240" height="200" /></td>
            <td style="text-align: right; float: right;">
                <p style="text-align: left;"><strong>CBC Market Analysis</strong><br />Mount Lawley<br />Perth W.A., 6050<br />Australia</p>
                <table>
                    <tbody>
                        <tr>
                            <td style="text-align: right;"><img src="cid:website" /></td>
                            <td style="text-align: left;"><a href="http://www.cbc.com.au">www.cbc.com.au</a></td>
                        </tr>
                        <tr>
                            <td style="text-align: right;"><img src="cid:phone" /></td>
                            <td style="text-align: left;">+61 450 307 000</td>
                        </tr>
                        <tr>
                            <td style="text-align: right;"><img src="cid:email" /></td>
                            <td style="text-align: left;"><a href="mailto:research@cbc.com.au">Research@cbc.com.au</a></td>
                        </tr>
                    </tbody>
                </table>
            </td>
        </tr>
        <tr>
            <td colspan="2"><hr />&nbsp;</td>
        </tr>
        <tr>
            <td>
                <table>
                    <tbody>
                        <tr>
                            <td style="text-align: left;"><span style="text-decoration: underline;">Market Recommendation</span>:</td>
                            <td style="text-align: left;">Hold</td>
                        </tr>
                        <tr>
                            <td style="text-align: left;"><span style="text-decoration: underline;">Current Price</span>:</td>
                            <td style="text-align: left;">$85.49</td>
                        </tr>
                        <tr>
                            <td style="text-align: left;"><span style="text-decoration: underline;">Stake:</span></td>
                            <td style="text-align: left;">$0.00 (100.00%)</td>
                        </tr>
                    </tbody>
                </table>
            </td>
            <td style="float: right;">
                <table>
                    <tbody>
                        <tr>
                            <td style="text-align: right;">Analysis Date:</td>
                            <td style="text-align: left;">10/12/2020</td>
                        </tr>
                        <tr>
                            <td style="text-align: right;">Investor Name:</td>
                            <td style="text-align: left;"></td>
                        </tr>
                        <tr>
                            <td style="text-align: right;">Investor Number:</td>
                            <td style="text-align: left;"></td>
                        </tr>
                    </tbody>
                </table>
            </td>
        </tr>
        <tr>
            <td colspan="2">
                &nbsp;
                <table style="margin-left: auto; margin-right: auto; white-space: nowrap;">
                    <tbody>
                        <tr>
                            <td><strong><u>Simulated Strategies</u></strong></td>
                            <td><strong><u>Recommendation</u></strong></td>
                            <td><strong><u>Profit YTD</u></strong></td>
                            <td><strong><u>Profit Total</u></strong></td>
                            <td align="right"><strong><u>Buy Count</u></strong></td>
                        </tr>
                        <tr><td>Relative Strength</td><td>Hold</td><td>$538.71</td><td>$30,456.61</td><td>114</td></tr>
                    </tbody>
                </table>
                &nbsp;
            </td>
        </tr>
        <tr>
            <td colspan="2"><span style="text-decoration: underline;">Profit to Date: $30,456.61</span>&nbsp;&nbsp;</td>
        </tr>
        <tr>
            <td colspan="2"><span style="text-decoration: underline;">Market Average: $34,223.25</span></td>
        </tr>
        <tr>
            <td colspan="2"><hr /></td>
        </tr>
		<tr>
            <td colspan="2">
                <table>
                    <tbody>
                        <tr>
                            <td style="text-align: left;"><span style="text-decoration: underline;">Extimated Order Execution:</span></td>
                        </tr>
                        <tr>
                            <td />
                            <td>Daily</td>
                            <td>Weekly</td>
                            <td>Monthly</td>
                            <td>Quarterly</td>
                        </tr>
                        <tr>
                            <td />
                            <td style="text-align: left;">46.43%&nbsp;</td>
                            <td style="text-align: left;">53.33%&nbsp;</td>
                            <td style="text-align: left;">42.86%&nbsp;</td>
                            <td style="text-align: left;">45.83%&nbsp;</td>
                        </tr>
                    </tbody>
                </table>
            </td>
		<tr>
            <td colspan="2"><hr />&nbsp;</td>
        </tr>
        <tr>
            <td colspan="2">
                <p style="text-align: center;"><strong>CBC Market Analytics<br /></strong>(ABN 00 000 000 000)</p>
                <p style="text-align: center;"><a href="mailto:research@cbc.com.au">Research@cbc.com.au</a></p>
                &nbsp;
            </td>
        </tr>
    </tbody>
</table>