<table style="height: 300px; width: 800px; margin-left: auto; margin-right: auto;">
<tbody>
<tr>
<td><img src="data:image/png;base64,iVBORw0KGgoAAAANSUhEUgAAAIAAAACACAYAAADDPmHLAAAABHNCSVQICAgIfAhkiAAAHrFJREFUeJztnXd8VFXax793WjqTXkkIgRBCC0jHgAKKICyLuPZVV2FdXFhxUVBkRZqvyoqKLIqAiotlX1xBqiC9irREAoQEEtJInfRkMply7/tHICTMpAyZSeCdfD8fP5Jzy3nmnt895TnPOVeQJEmiHYdF1tYGtNO2tAvAwWkXgIPTLgAHp10ADk67ABycdgE4OO0CcHDaBeDgtAvAwWkXgIPTLgAHp10ADk67ABycdgE4OO0CcHDaBeDgtAvAwWkXgIPTLgAHR9HWBrQmWWVl7E1No9ooMTI8lEhf77Y2qc0RHCUqOKW4iDm796E3SCAJCKKct0YPo39IQFub1qY4TBOw4cIF9CZT7d8SEt/FXWxDi24PHEYAxboqszRNpXmao+EwAugbEGiWVlil4/MT5xAdoxW0iMMIoLuPb72//d1cAPjxXApv7jxOqU7fFma1Oa3aCdRJevaUnyS5OgulpKSfayTD3HoiE+yvwzcP7CM+p4BoH1/mjYilg5OKb+Mv8p/4SyAK+Lu4MnfMALr6qu1uy+1Eqwkgy5DH/II15OtLQZSBKIAoo5dzZ+Z3fAZXmZPd8k4tKWbmrp0gylhw7z30D7rRHJzIzGPZvtNo9SIq5Lw4vDf3de9oN1tuN1qlCTBh4n8KvyLfWGx27FxVGqtyt9k1/+8vngcgwsuTuwLrD/sGhQaw7PcjCOngjl6UWL7/HKsOJWISHaNf0CoCiNclk2HMbfD4/tKzlJu0dsn7ankZRzPTAZgc3R1BEMzO6ejpzgcPxTK4kz8A2xMymLvxFMWV///7Ba0igAxjXqPHJUSuVhfaJe9NyReQAH83V4aHhTV4nqtKwbwHBvDHQZEgCCTmlPDyd79yMafULnbdLrSKADxkLk2ec6z8gs1rgaKqKvalpwLwUFQ0Mgtvf10EAR7r34W3xt+Fq5OcYq2euRvOsCP+qk3tuhX0eolDh0xs2mji7G+2a55apRNYKlbwp5xFGEymax3AG51AJKE2TYWS+zzvYpLvEIKdWu6n//LcaTYmJaJWOPPFhIdQyeXNvja7RMvb234jU6MDUeC+HkFMuy+S7KIqzmWUI0nQL8KTjj7OLbazKXJzJRYvqSYri9pnFTtc4JXZcmQtfIVbbRTwU8UxPinciFRb4DX/dxacGOVxFweKE9Aa9TXHTHIGqSOZ7D+EXh4NV9uNUaGvZsquH9DqRZ7u0ZdHo3tZfQ+dwcTynxM5mqQBUYaPmzOFZYYb9ksCfxgawjOj7TtqmDtfx4Vz0o2XRpSBJOO55wUmPdx4rdYU8gULFiywjZmNE6kKJdKpI9kGDUXGcpQo6e/SjdnBjzHGsz8TfAbjpXQnq6qISpOOq7oi9mjOcbIoFWeZijBXXwSa/2N/TLnA6bxsXBVKXhkUi5MVb/91FHIZd0f646yU81t6KdpqsabGoqbwkWRcSK+go68rnfybbuZuhcIiibVf6K/lV+c/BCorBMaMbZkAbrvZQFESOVZykU15J0iqyKlVvK+yAxMD+/NAQG/cFI37DPQmI8///AOlump+F9GDF2IGtNiuWevPcDlHe+3Nr9OEiQIx4Z4sfjayxXlYoqRU5NkpVfWbzWs1QJcIGR+saNn9b7t4AJkgI9arB7FePbhYeZVNOSc5VngJjb6cL9IO8Z+044wJiuF3wTEEOHeweI/dGZcp1VchFxRM7hZtE7tMpobfk4Iy+w0Xky+JCIKEpdwHDZXAilrREredAOrS3S2EuV1DyAstZXP2GX7OPY/WaGBz5hm2pZ9lqF9XHgrtSzd1ACZJIqO8iEqDgY0pZwG4N7Qzvi5uNrElyNOFK/mWZw8rdUaSMiuJCrVNXtfZ9pOetet0SJJ589WnL/zh0ZYVPtyGTUBjVBh1/Jx7ji2ZZynUVdZWiVEegeRrtTVTvrVVpMCyEePp5uVnk7wTMkqY978JYJKZNQFIMgRRYGSML8+MCcLbQ9mivEQR1qyrYscuA0gCUV0VvDTdmd9+M1GoEYjoLOPuWIEmRrXN4o4SwHVMksjhvEtsSo8jtazIbDh5/e+uHXz55z0PomjpWOkaB84X8OXeNIorjSAKyJEzeWgw8ZfLuZRVIz5XhZzHRgUy8W4f5HLrS6hKJ7F0eSVn4o01w70hSmZOd0alskFpW+COFMB1ygxVPHPwK0wmLAoAUcYLfQbxuy7dbZanSZR4evlJKrQiH0/tQ3iAK5IksSeuiK925lBWIYIoo6OPM1MnBnJXlHuz752vMbH4/TIyMgFR4NFJLjz5qJNN3vSGuKPjAU5pMjBJYqPnHM1Ks2mecpmA7FqN4upU0zYLgsD9d/nw2axoJg7zRS4XyCrQs2BNFv/z5VXyigxN3jc51cCcBSVkXBWRKyRe/qsrTz1m38KHO1wAJfrKJs/JKi+nXF/dCtaAm7OcqROCWf5SV2IiXQE4fq6Cv76Txtc7CqnWWxbrsVM63ni3hOIyCXc3gUWvezByuKpVbL6jBdDJ3afJc0qrq3l1706ulpe1gkU1hAU4sfjP4bz+TAj+nkoMRtiwq5hpSzI5GldftD/sqOC9T4ox6CWCg2S8v1BNr+iWdSKt4Y4WQF/vUNyVjb8pggDZFRW8umcPFwoKWsmyGob18WDla+E8PsYbpRIKi02893k+8z7MIzVTz0frivn3xjJAoFe0in/O9yIowHqPZUu4YwUgIbE2+QgVhoadMGPDu/H28PvxUKqo0Ffzj737OZiW0YpWgpNKxpPjfPj0jXCGxNT4CRIu6Xj57Tz2HauZ/Rx5tzOLXvXE3c3ODb4FrHYEnZTi+cG0g1JTGeGyTjyjeJggwd8etjWIhMTqS4fYlpUAyBjo1wkXuZITORnoJOjk4cXEiB7cHxaJIAgsHTWGRYcPklNWxbIjx8ktr+Sx3rbxEDYXf28Fb0wNID6xitUbisnKqVmjcM8QF16e4tmqttTFqmHgdulnPhHX1RtquYgufOA8nzBZsB3NvIGExOrLh9iWeRZEgcE+XZgb8wDya4GlRlG0OO4v1elYfOgwSQUlIAmM7tyZvw29C7nM+rfuj8tPUVZhZO30fvh7Wh/LaDLB0jUafjlTjatKzoqFfvj5tG7Vf51mNwEVVPKF9LVZehXVrKn+zqZGNYSExOqUA2y7Gg/AYN+IeoUPNOj0UTs78/aokQwLDQFgb0o6C/Yco1Lf9BDN1sjl8LenvfH1klOlE/lgTSli46NZu9FsAaSShk6w3N4mGC/ZzKCGkJBYnbqfrdnXC78zc/uMrVf4TeGkUPD68KE8FN0NgPjsAmZvP0R+hX3iERvD3U3Gy897ARIXkvV8v63pIa09aPbT64BHg8cMgoFVum/IEzU2MepmJCRWX9nH1pw6hd/rQasK/zqCIPB8/z5MG9QXuQwyiyt4dfNhkvNLbG12k/SJcmLy2Jrn+r+bK0lKMba6Dc1+gp0IpbvU8Jz3Vv1+ppT9g3crVpNsTLPakFx9MQmVaVzUZqE13XDcSEisTtvL1tw4AIZ4d2Fujwm3VPh1Gd89gnkjh+CkVFCs0zNv2y/8mtZ48Ko9eGqSB106KTGZYNmnZWirWtczb1UnMIc83hY/5Iopq7YTOJQB9JZ3Z5NuDwWmYoRrM2S95JE85HI/g5x6WQzFhprCPVh2lo2aI6RW5dfOsMklBf3du/BU8D3sKUioefMlgSGeXZnbfWKLC78uqYWlLNj1a00IuCTnz0OimdgnvNFrWtoJvJmruUZmvVWMrkpg5DAnXp7WcG1ra6yeDDJi5KyYSL5USGchjChZBAAiIocNp9hUtYfL+szaKdMQWQCT3e5jpMsAVMIND1e1qOfjvE0cLDtrHihqYXZviFckc7vZtvCvo6msYuFPJ0krrABRxoSeYfx5eMNRxLYWAMDPB6tY+XklSAKv/NWDEUNbxxVsl9nAs4ZkNlbu4bQusTYIVC14MNH9Hh50H4aHzJUP8jawrzT+poK2LIBot4682+MJuxT+dSr1Rt7dfYb4jCIQBQZ2CmDOA71xVpoPz+whAIB3V5TxywkDrio5y9/tgL+f/f10dgkKDZD7cK/zQO527oteMpBuyKVKMnC26jLbS3/hoi6TIxUJNwVYmgc9Xv+31qDnwcB+OMnsF8Ckksu4p2swRdpqUgrKyS6uIi6tkEGd/XFR1RfBxl+zqdaLTBwUhJuz7Wzq20vFwWN6ysokLqeIjBqhsvtsoF2jgj1lHgxx7sMD7kOQIyfNkEeVqOeqvtBiQTckAIMo4qlwJdojxF6mAiATBAaH+yOXyUjILKJYa+RokoaYMG88XW9UyfYSgEolENFJwb7D1Wg0EjJBoFcP+0bttcpcgLdMzZ/UE/gq5E2e9Rx3S/f4raz1fPiPDYhg9tgYlDIZBRU65nx3mrg084Wt9qB3DwWTf1cTYr5ho46LSaYmrmgZrbYuAEApKPCRd2BL2VGragAkAWdBxbjAmNYylU4+7vQK8eLXlEK01SYOXyigpMLIF/vTKSirBkkgLqWMcq2JzoEuqBS2e5d6dVdyOt5AYSEkJIiMHqVEqbRPW9Dqs4HOt7gPgIfSfvsHNETPEE/++fhdBKpdMEmwIz6HLI32mkAhU6Pj2wNXeenTRLILdTbLV6GAV/7mhrNKIK9A5LPV9gs7b3UBqGVueMmsH+eGOfs2fZIdCFS74OLU+GMqKNWz6JtU9AbbOfRDgmRMea5G9AcOGzl4yD5ewlYXgCAIDPewviqP9bNdYKc17LuQy5X8pv302Zpq9sfbtp8wZpSKoYNrfCerPjNw7ryIycZdgjYJCHlEfS+ugnVr6ZZd2k5iebadLGqYo5fym33umUu2Dzub8RcnfLxBWwXz5ul55RU91bZrbdpGAF4KD14NfLRZ53or3BAEyK8u4/WEDXybcRzR4kIp+5Bb0vy9BHOLbd9Wu7sL9Op5w4N6JRVOnrTd72+zkLCk6swmz7nbK4pPYqbyXo8n8Fd6YJJEvk3/hdfj/0u+zr5BnuU6A/sScyipan6hOtlwJFAX35tiX7287rANIm4mWZfJ7KufYDIJjFUPZqBrFKcrLpOvK0EhqOjk5M8wdXe6uN7YzavSqOPT1H0cyEtCEGW4Cs682O1e7g2MAkCSJDIrS9AaDIS5e+LaRLCoJfLLqzh+JY9frxRwIbMUU93lX3Xd1RaWhiHKeDg2kGfHBNnsOV2nUiuxZq2BtFQYMULO5Mm2ix5qdQHoJSN/y/yIq3oNEYpgPuw0HbnQ/B+0Pz+RT5IOoDPWLM8aGdCdwX4R/DvpBNkV5SDKUEoKxoZ35+nou3BRNBxiLUkSKYWlHE/P5fiVPNILK+tvXiFX0DvEm9MpJUhmBX7T2kBJzpqXo/H3av3haktodQGsLdrGjyWHkUtylnd8iXAn8y1cmyJfV8b753eRWJLX4OwhkkAfn2AWDbsPeZ0wMZMocjavgF8zcjmekUNheXW9AlU7OTO4UwBDwv2JCfVBpZCx/vAVvv81s8kaYOIQf6aMC7G7/96WtKoAzulSmJu7GkmEpz0f4DHvUbd8LxGJf1/6hR/S4hsUAKKMWQOGMygghFM5ORzPyubM1Vy0+vp7FYV4eDC0UxBDwoPo5qc2i1+QJPjhRCbfHEnHZKgvAKVMTvdgDxKu1NQeI2O8mPmHMG4h1rRNaDUB6CQ9M7LfJ9dQTKQqjGXBM5C1cHODA7lJLEvY26gAXGUq9EYJo5Ebx5AR7ePLkI7BDAoNoqO6eQs4Syr1HLqgIUNThWgS6OTnyoiePni6Kfh8ZzZbjmpAFBgUpWbOU2GoFLe/Clptg4gvi7eQaypEhZJZvo+1uPABivVNB3Nqr/UVlDIFfQODGNoxlIEhQXg6W7+7l6ebiokDLYe/Tx0Xgoezgm9253EisZyFa9OZ96cwXJ1v77U3rSKA+OpkdlQeAwSe9h5HqMo2C0kCXZre2LmT2pM/9uhLv4CgW9ooyhoeGxmAu5Ocz7bkkpCq5R+fpfPWlDDU7m0T898c7CrPPFMhv+jO8lHRN0gC9FCF83uP4Ta7/13eoahVjb/Jz/Xqx5DgjnYv/OuMH+bLK4+HIpfB5cxq5v4rHU2JgbJKE6fOa0lKs6EbzwbYrQ/wo3Yfn5f9iCRRM6SSnFgROJsghW0ndU5q0nj79C5M1/Kp2wcY26k70/sOsWl+zeVUYjnv/PsqBr2A2k2BtlLCoK+xa0C0K3Om+uHcxCRTa2AXC0qkctZV/ogk3JgdkwsyfOW2XwM30Dec9wZPoq93CPJrP8ffxZ3pMUN5MWawzfNrLgOiPVj05zBcnQRKy0UMdSbzTp3X8d221luu3hh26QPkmjQYMVF3C7NKqZoKUxVeCtuHPEd5BrB40ARMkoTOaMDtFryA9qBnhCuPj/Hji83mC2aOx1fy3MNttyj0OnapAcLlwXjI6m+ZFqoIsEvh10UuCLdN4V+noQ6gq8vtsUOfXQTgLDjxRoep+MtrNnwOVwbyus8z9sjqtmdoHw/8vc0Le9J9rbf4ozHs7giqlvQ4CbfXW9na5BYa+Oz7AuITdXh3kPPoAz48ENv83cPsyR29TVw7LaftxyHttCntAnBw2gXg4LQLwMFpF4CD0y4AB6ddAA6OXf2ROp2OuLg4kpOTKSys+TCkq6srPj4+REZG0qdPn9qdt28FrVZLUlJSs8/39PTEx8eHDh0sf2rGVpSWlnLmzBkuX75MeXk5AB4eHvj7+9OzZ0+6du1q1/ytwS4CSE1NZf369ezfvx+DoeF9+NRqNaNHj+b555/Hy8vL6nzS09OZMWOG1dcFBgYyfPhwHn30UYKDbbfBZVxcHOvXr+fEiRM05l8LDAxkwoQJPPHEEzjfQmSSLbGpJ9BkMrFq1So2bNiA0dj8xYxubm7MmDGDiRMnWpVfYmIiU6dOtdbMWhQKBTNnzmTy5Mm3fA+A8vJy3nvvPfbv32/Vdf7+/rz22msMGdI2MQtgw/0BqqurmT17Nrt27UK0cttLg8HA0aNHEQSBfv36Nfs6jUbDli1brDW1FlEU+eWXX+jcuTOdO3e+pXtoNBqmT59OfHy81ddWVlayb98+wsLCiIiIuKX8W4pNmgBJkpg/fz4nT560eNzb25vu3bvj5+dHVVUV6enpFtvu+Ph4qqurcXK69cUVUVFRTJgwoV6a0WhEo9Fw8eJFzpw5Y1Y9r169mpEjRza4nV1DaLVaZs6cSXp6usXjwcHBREREEBAQQFlZGefPnyc7u/4CV6PRSFxcHKNHj7Yqb1thEwFs3LiRI0eOmKUHBgby0ksvERsbi/ymmLy0tDRWrFjB8ePHARg5ciTz589HpWrZzGFISEijVfrhw4eZO3duPRFkZmai0Wjw87PuC2MrVqwgLS3NLD06OpoZM2YQExNjJqq4uDg+/PBDUlJSAHjmmWd44YUXrMrXlrRYAFqtls8//9wsvU+fPixduhQPD8vz3uHh4SxbtoyVK1dSUVHB7NmzWzQiaC7Dhw8nLCzM7K3V6awL1szIyGDr1q1m6Q8++CCvvfYaCoXlR9uvXz/Wrl3LW2+9RUxMDI8//rhV+dqaFgtg//79lJaW1ktTq9UsXry4wcKvy/Tp01tqgtXo9fVX/CoUCvz9rQtV/+GHH8yakq5duzJnzpwGC/86KpWKd955x6r87EWLBXDw4EGztEmTJuHr2zZbujSGJEn897//JScnp176iBEjrO53HDp0yCztueeeQ6lsve/92IIWC+DixYtmaWPHjm3pbW+Z5ORkPvjgA7P08vJyEhMTycysvy+BWq22uhYqLi4mP7/+ziFubm7ExsZab3Ab0yIBiKJIUVFRvTRBEGzqXLGWrKwssrKymnVuly5dWLRoEYGB1q1Q1mjMo3wDAgKarPpvR1rU69Lr9WbtoLOz8x3zIHJzc9m9ezdVVc3fBgaweL67++0R42ctLRKApcKuqqqyukfdVlRWVrJu3TpmzZpFZWXzv9hhqbCLi1tnJ1Fb0+JXNSQkxGxIlZiYaJVHz5aMGjWKxYsXm6Xr9Xo0Gg0XLlzgyy+/rDd+P3v2LCtXrmTOnDnNyiMoKAhBEOrVfjk5OZSWlqJWN71g9XaixQPv3r17m6Vt3769pbe1OSqViuDgYO677z5WrlyJm1v9hSs7duxods3l4uJCZGT9r6cYjUZ27txpM3tbixYLwJILc+fOnZw+fbpZ15eVlVFS0rrf6/H09KRbt2710gwGg0WvXkNY+t1ffPGF2RCzIXJzc838EW1BiwUwcOBAs4cpSRJvvvkmZ86cafTaoqIiZs6cybRp08jNzTU7XlBQwKpVq1iyZAmbN2+2epKpIURRtFhQde9vMBjYsGEDS5YsYe3atWYinThxolktUlFRwZw5c8yGmjeTmprKtGnTePXVVy32PS5fvszy5ct59913OXz4sDU/zWpsMh2ckJDAiy++aDYiEASB8ePHM3nyZKKiomrT8/Pz2b17N1999VXtA/Dz8+Ojjz4iPDy89pxnn32WsrIbq2jHjBnDW2+9Vfu3penghvoA1ykpKWHVqlVmblxBENi+fTtqtRpJkvj73/9eb3LL39+f9evX1+sAbt68maVLl5rl4eLiwiOPPML48ePp2LFjbXpaWhrbt2+vN10eFRXFhx9+WNt3SEhIYMaMGfWm06dPn86TTz7Z4G9qCTaLB/juu+/417/+1eBxhUKBt7c3lZWVDfa4/f392bBhA0qlkjVr1rBu3TqzczZu3EhAQABgWQBqtbrBqdXi4mKysrIsxioMHDiQjz76CKhxbk2ZMsXsnNmzZzNp0qTavyVJYsmSJY22/U5OTqjVasrKyhrsYwwYMIDly5cD8MYbb5h5Vzt06MBPP/3UYB4twWYD9ieeeAJJkvjkk08sRsMYjUYz71ld3NzcWLBgQa0rte6bX5fS0tJaATR0PC4uzirb1Wo1r7zySu3fDeV9czMgCALz5s1DoVCwbds2i9dUV1c3+rsDAwN5/fXXG81bq9ViNBrt4l+x6fTbk08+yccff0xoaKhV1w0cOJDVq1cTE3NjF/H+/fubneft7V3bRNiK3r178+mnn9azOSoqyqx9FwTBok0ymYy5c+cyb948q4aAgiAwbtw4Vq9eTVDQjd1FLeURExNjN+eaXRaHiqLI3r17+emnnzh9+rTFKtfd3Z3Y2Fjuv//+BkOiPvvsM9avX48kSfj5+bFw4cJ6IklOTmbWrFlW2aZUKgkLC6Nbt27cfffdFufsAY4dO8aSJUsoLS1FoVDwl7/8pcl2WKfTsXXrVnbv3s2FCxcs1oT+/v4MHz6ccePGER1t/gVzg8HAwoULa8PLunTpwnvvvVdPJLbE7quDrw+vioqK0Ol0eHt74+PjQ0BAgFmQiCXKy8spKSkhODi4WefbEoPBQHZ2NgEBAVYHb+p0OlJSUigtLUUUxXq/uzkUFhZSXV1d63SyF+3Lwx2c9oUhDk67ABycNhHAqRPwn6+h8Nq0+v69NX+bmrGUIPkiLPxH063Whm8lym8aUUkSbPy+Jj9r+M/XsPVHy8cuJcGRa8FBv8XBpv/eWS1q7dgiOzubrKvZLQppcndzIzKy6WVPp09KJF2UuJIq8MjjAps3ilxJkfHQI7DuCwkvL4ErqRKDhgj06AnvLJYYOVrgYqLEPSMFzp+DzAz4ep3EC38VOHIIiooktBUQ2V3A3x+++Te4e0iMGClw3XkXf0biyCEoyIO+/QREEd5eCH94VGLfHrhnpEBwCPy4USIySiD+tMQ/FgpkpIPaU2L/HoH4MxIzXxWYN1vij38S2PCdhEwGvr4CmgLITAdRhH8tlwgNg4R4mDpNYMO3EuERkHgepvxFwL+JvuDlyymUV1Tcclk0hV6vJzgo6IYAPl7xKeXlZS3uac/6+0vNGquHRwiUlcDy90WefFbGu9e8t337CVzNlCjUSFw4B1HdBS4lCcxfBOMnCpw6UfOAly6ReOpPAj6+sHmTROxwCAsXAIngkJoPTw4YBHWn7jd+D8NiBS4nSWzbIvHAOIGUS9CrT42IUi5L9I4R6BwhYDLC6ZMCdVe23T0cvvtaYusmkICevcHrZ3Bxhu49ago3LxeKi2DvLoE1X8FDD9dcG3uPwPYtEn36gs9Nn4C5mezsHD5esdKKp249BoMBkyjeEMDDD08iJyenRTWASqms5/tuCC9vAb1e4vGnBFIuCXSOgLCwmm/lbt8i0SkcQkIEvLwF5PKaY3J5zVDI2QXCOsHcNwU+/kAiJFRgwkSBgnyJosKat8zTC7pEShw5JDBmLLh7QF4elJRA10jw8IADe2oEcP3ePr4Snl6QdBFOn4B7R0N4RI1NPr4SHh0EVE7w7PMCy5bC/EU1v6VblMCpXyUuXoAOaggIBC9viL1H4sC+GjE//ZzAzh0SvfrA2XgYMAhCwxp+PoGBAfx+4gT0jayrbCl6vR5fH5/2YaA1FOTDwX2gUEpMevj2/xZAc2gXgIPTPgx0cNoF4OC0C8DBaReAg9MuAAenXQAOTrsAHJx2ATg4/wf9UXJkbplkBgAAAABJRU5ErkJggg==" alt="CBC Market Analysis" width="240" height="200" /></td>
<td>&nbsp;</td>
<td>&nbsp;</td>
<td>&nbsp;</td>
<td style="text-align: right; float: right;">
<p style="text-align: left;"><strong>CBC Market Analysis</strong> <br />Mount Lawley <br />Perth W.A., 6050 <br />Australia</p>
<table>
<tbody>
<tr>
<td style="text-align: right;"><img src="data:image/png;base64,iVBORw0KGgoAAAANSUhEUgAAABcAAAAXCAIAAABvSEP3AAAAA3NCSVQICAjb4U/gAAAE+UlEQVQ4jWWUe1BUdRTHz+/+7t5l3ywuLCsICLg+AEFFpjRJcHQUarJRUwsnZ1JJx8qicao/mqkJdYqpnNJqmmICchptfI2uY2DBWI7Jw3V5yFMQ0d3L7rLL4+7dx7331x93QZPz3+fM95zf+Z055yBCCMyyNmfgUq//7+EJu5PjI5KSRnkW7XOp+pJMQ0GSZrYePZWlfsBf0eBs9xFFaCKiMs6RxgNhUcNgD2WgeZ+g1C8yQNU6S6nV+GQU9SS8/8fwhovjCoyadiQVzjekMPxv26wEMzVbrFZVMD9Zf31ncmwMfsE2edB2/3/FkGkrO9tPHev8+qaLEHKp2wtV/c0jE8P+EFQ6Oke5DpaDqv46O0sIOXGLxcc6t57un4mN1vJR/VDdqCnXIJVlGwFg1/nB3ekkP0nnCUSAEG9AyEpQ78ske20jhMD+/PhiC/W7L+GQbfDxj248mDzaxr+kZ1kubPqqc8UPHb4wlOXGCxJRYIQQKDEFAOUFlpAIhdVd6sqWNhe3Wf/oeEeoYcAf7W7uyTtBieo5mDMZEmsc3kNX7guAgEg6GgxK6uFkJMXA8BHJy4siwoBQZXHSvuUmk1qR9307FxL73smjezy8I6A5V2oEAJ0S71lmOtwwUlU0Nz2WaXEG7ri4kd6JxfGavLma5YmqUU6suObavyLeqKIBoGr9vPXnPHYnB0eaRtSfNYdFSe7T2S4vfNrKToVlHBjjUWX7HScno5+PwCct1W2sjBIhxqPNH9bfpy73jhWlqBUUkvvUNRqIxZEEjULGkCARIoVFSUZDDJ0YI3WwgeiwAWzM0F/qGaN7vcENmcY2Jzc9tZxWSd92cvIs3nUHEJHsLo6SnyFEy2AHG5jR65R0r5dHls+bnUEEVPRxEMNIjBBmesyJiMI8YVSAcNQTmgKaAcxEUQhrsUgLEnlloeFAgVl2nrjlqu/3XXg1Ta6l18uXX3EeX2fOtWgAgEKw/XRPbqL6gzXJsv4Xu/uUw01nGJUhQXg+TQ/TXzjf7S+cxkStgiB2dYpuRZJW9owHpcJU/Yz+p1Y2w6ikSqzGa0OcIEV3cqlZHWE0t0YmZVRghBClwNHed3v4AK1ZZtHObI+tf7zUGkdvyTJ93BK62ucrXRgHAKtS9PFUsNbhDYvEzvItD6eIEDxy/dHKZF2eWdVwb0KPwhsXxMpZmoYmvDh2e84cRAhZ8o2dwnTHgWxBIme6xt6yDXnDFAhhDESvpPxBIU5F8wLhIxKhlSpKPL4p7bWcOLUCF/zY6eYig4fyECGkcXC86IyrLAP/+3CqL8AsixVve0nlmri3n7H0evn8n+9d3zV/ZZKm1u7ec5VdO5duHObn6aiiVF1Nv3R5c3yJ1UgBwNr5hndzFHWeeAWmBsrT297MeTYB1bb7tQxmKIoAUAgYTH3X6s4ykL92L/Efzk0zKGs85vJFuMRqhJkr9eWm9K1xnj5O0Tg0CQB1Wxd08zHf3nw0R00DQia14pTD3Tql/XVLJgBc6PE3j6FSnevkixmPL4NsZ7Zl7MlWv9EUXF3dMxYQKrJxxZ8uW59PC8GmofFy24O9GQIAFNf2vd7I77SqLu7InF6bWXf3YvfYew3OAQ6bKY4N00qRx4hIBIK0NoEOjUrqVA35oti8Lcv0ZNTTWWT758HU2bu+G8OTDpYLRKQYjJYmalal6F9ebCxM0c7W/wdrVIauxLso9gAAAABJRU5ErkJggg==" /></td>
<td style="text-align: left;"><a href="http://www.cbc.com.au">www.cbc.com.au</a></td>
</tr>
<tr>
<td style="text-align: right;"><img src="data:image/png;base64,iVBORw0KGgoAAAANSUhEUgAAABcAAAAXCAIAAABvSEP3AAAAA3NCSVQICAjb4U/gAAACvUlEQVQ4ja2VTUjTYRzHP/9/02ZZmi8VOkXRlMoXCgsPRUiKIdEluughkY5CqAkdiqJLhU0xougQ6kELSlDszcKK8tCLOOfK1BranDLFl6VWa7r9OrhYmxOJ+h6/3y+f5/A8v9+jiAjL1Gnh7kcef2ZwBoLBScomDiVzbDv74pfXUfwozX2ces6wg3gNBxPI2EK4FruD3nE6hrEskqDlSg5Hd/hi5LdcLilpE2olt1E6LRJQnRbJbRRqpaRNXC6v76G43JLfJOilrscTjM9Lry0wq65H0Et+k7jcvpTiFkEvHWaP2z8p4XoJuyR2R2BQh1nQS3HLH5TWfuGq1Hd7rAaDFN6TmGqhRsoeBaaISH23cFVa+0VEFBHR1bAtgufHAXps7KpD66YojVsf0IDhBGmbA9wLkNPAp2msZaivrYy6qcrzBO/GQINDZeQre6JYjOTss8AIoCqPUTevrWiaTOgUsmI8QUQIuFCcdIxQkk6im/KsFSlZMegUmkxo7g+Qn+QN0qJRnKBhYzBnDhAftiJiSflJ3B9AHZonc6vXTYkkLQq0xIWujgAytzI0j0oQ4VqvqygUZSAKw3amf6xOCddCECoL2B0+QcluNjiZDea2aXWK3QELqImhGG0+QfQ6Tu6FNVx4hW3OY879pPotpnF/itFGYijq4VTazf7Z6f3ECRMqBXd4P8GCi/J2KoyUPvRvtps5nIpamI5V6BrzydYHcesIODBMsfsmqTdwLBI6xctJmvu8ta4xrEJhOmq2jliVyqf+h+QlcT4bNCzA0DeMNvISQKXiCVPfPZ3Kp8SqZOtQgesFvJilweAPOpdD6U4IASemGdZq2ODky9L7hgYDL2a5XgAQeKb/1MVXsu6yoJfkWrn2Rh4MrjDTPvvFEABknpYHZrHYf0/zSvtF/m3X/Z+9609Z0t/+Ab8ArXBwN6877MYAAAAASUVORK5CYII=" /></td>
<td style="text-align: left;">+61 450 307 000</td>
</tr>
<tr>
<td style="text-align: right;"><img src="data:image/png;base64,iVBORw0KGgoAAAANSUhEUgAAABcAAAAXCAIAAABvSEP3AAAAA3NCSVQICAjb4U/gAAACQUlEQVQ4jd2U30uTYRTHz3n2zmj2w+VW21omamJZ0g8iKF06Wyksl6SY2IXQxS66MPoHQroP6iokklgsG1uzXyjW5lh6HSS5OcNtLl0Ue7WCuR/v+zxdGBVzrhe8ib6Xz/P9fuAczjnIGIMNi2wc8Y9ROADwh/n+ycXx6DdABIltQgRgBv3WG/W6popSfBNZanDF5CvLd86WEySiNIqMIKOsbyycVuwYv6Djro2GtDLyGTCepP2n90iv4qY/KgDRyVb6RkPcW57eNmrVCvkl3/fY19D9tmopCOvL2YEwPDxfmcyIVu8nggApgXUd0tw7qRiMsB538K+I3mehgTl298TmnjpNmjIERoAxgVIAuHJst82wzT4PHc5AgVHsds88iLDB+i3W43oAECgDxggAIOKq4/JhraO5xBWjbY6ASHNBlNJ2R2AoSu2N23uP6P78yp2XzoOa4RbViwWxdWg6I4i/3gVKzY+DwwvUaVJ212lyUnmmzrJ/14hZ82oxa3oUSGYEAEgJ4jn79Mii8LxVfbE2F5GfAgAt1WpPu94fTxttU5PRpTO2KW88O2bRmWt25vWvuwHGStVEV8UMn25wfZz6kvJ1lJmqVGttqz3lfvd2jU7tVX64evQ9nz2glKuKi/J6EAAQOYZI1sMAlCqKDIr8+Z+1IGNIyL5i+nR2uYCvsJ4E+XJ5Gn1hvtG90FRKO2uUmziZ9HxGpM5AwpPgXlu0yBjzziWue+bf8SIAA4n3EwEAa0vIreYyU5UK/7u7+wOOJ+muxejKEQAAAABJRU5ErkJggg==" /></td>
<td style="text-align: left;"><a href="mailto:research@cbc.com.au">Research@cbc.com.au</a></td>
</tr>
</tbody>
</table>
</td>
</tr>
<tr>
<td colspan="5"><hr />
<table>
<tbody>
<tr>
<td>Strategy:</td>
<td>Relative Strength</td>
</tr>
<tr>
<td>Recommendation:</td>
<td>Hold</td>
</tr>
</tbody>
</table>
<p>&nbsp;</p>
</td>
</tr>
<tr>
<td>Performance:</td>
<td>$30,456.61 Total</td>
<td>$538.71 YTD</td>
<td>$83.35 Above Market Return</td>
</tr>
<tr>
<td>Profit:</td>
<td>0.24% Alpha</td>
<td>13.71% Maximum Alpha</td>
</tr>
<tr>
<td>Activity:</td>
<td>114 Buy Count</td>
<td>-$1,046.81 Maximum Drawdown</td>
<td>112 Maximum Holding Period</td>
</tr>
<tr>
<td>Risk:</td>
<td>0.38 Sharpe Ratio</td>
<td>99.95% R&sup2; Correlation</td>
<td>$292.01 Average Return per Signal</td>
</tr>
<tr>
<td>
<p>&nbsp;&nbsp;</p>
</td>
</tr>
<tr>
<td>Confusion Matrix:</td>
</tr>
<tr>
<td>&nbsp;</td>
<td>True</td>
<td>False&nbsp;</td>
</tr>
<tr>
<td colspan="2">Positive&nbsp;</td>
<td>&nbsp;</td>
<td>&nbsp;</td>
</tr>
<tr>
<td colspan="2">Negative&nbsp;</td>
<td>&nbsp;</td>
<td>&nbsp;</td>
</tr>
<tr>
<td style="text-align: center;">Accuracy:&nbsp;94.84%</td>
<td style="text-align: center;">Precision:&nbsp;1.75%</td>
<td style="text-align: center;">Recall:&nbsp;6.67%</td>
</tr>
<tr>
<td>
<p>&nbsp;</p>
</td>
</tr>
<tr>
<td>
<p><img src="{image1}" /></p>
</td>
<td>Lorem ipsum dolor sit amet, consectetur adipiscing elit, sed do eiusmod tempor incididunt ut labore et dolore magna aliqua. Ut enim ad minim veniam, quis nostrud exercitation ullamco laboris nisi ut aliquip ex ea commodo consequat. Duis aute irure dolor in reprehenderit in voluptate velit esse cillum dolore eu fugiat nulla pariatur. Excepteur sint occaecat cupidatat non proident, sunt in culpa qui officia deserunt mollit anim id est laborum.</td>
</tr>
<tr>
<td><img src="{image2}" /></td>
<td><img src="{image3}" /></td>
</tr>
<tr>
<td colspan="5"><hr />&nbsp;</td>
</tr>
<tr>
<td colspan="5">
<p style="text-align: center;"><strong>CBC Market Analytics<br /></strong>(ABN 00 000 000 000)</p>
<p style="text-align: center;"><a href="mailto:research@cbc.com.au">Research@cbc.com.au</a></p>
&nbsp;</td>
</tr>
</tbody>
</table>